/workspace/gate6-venv/lib/python3.11/site-packages/transformers/utils/hub.py:110: FutureWarning: Using `TRANSFORMERS_CACHE` is deprecated and will be removed in v5 of Transformers. Use `HF_HOME` instead.
  warnings.warn(
EXECUTION HOST
hostname: b83beebe3b78
pwd: /workspace/causal-epistemic-geometry
HF_HOME: /workspace/hf-cache
EXECUTION HOST
hostname: b83beebe3b78
pwd: /workspace/causal-epistemic-geometry
HF_HOME: /workspace/hf-cache
Fetching 5 files:   0%|          | 0/5 [00:00<?, ?it/s]Fetching 5 files:  20%|██        | 1/5 [00:10<00:43, 10.79s/it]Fetching 5 files:  40%|████      | 2/5 [00:23<00:35, 11.98s/it]Fetching 5 files:  60%|██████    | 3/5 [00:24<00:16,  8.21s/it]Fetching 5 files: 100%|██████████| 5/5 [00:25<00:00,  5.16s/it]Fetching 5 files: 100%|██████████| 5/5 [00:25<00:00,  5.16s/it]
Loading checkpoint shards:   0%|          | 0/5 [00:00<?, ?it/s]Loading checkpoint shards:  20%|██        | 1/5 [00:00<00:03,  1.27it/s]Loading checkpoint shards:  40%|████      | 2/5 [00:01<00:02,  1.24it/s]Loading checkpoint shards:  60%|██████    | 3/5 [00:02<00:01,  1.25it/s]Loading checkpoint shards:  80%|████████  | 4/5 [00:03<00:00,  1.37it/s]Loading checkpoint shards: 100%|██████████| 5/5 [00:03<00:00,  1.79it/s]Loading checkpoint shards: 100%|██████████| 5/5 [00:03<00:00,  1.52it/s]
Traceback (most recent call last):
  File "/workspace/causal-epistemic-geometry/scripts/run_gate6_layer_source_rfm_atlas.py", line 1485, in <module>
    raise SystemExit(main())
                     ^^^^^^
  File "/workspace/causal-epistemic-geometry/scripts/run_gate6_layer_source_rfm_atlas.py", line 1442, in main
    source_pipeline(backend, review, validation)
  File "/workspace/causal-epistemic-geometry/scripts/run_gate6_layer_source_rfm_atlas.py", line 573, in source_pipeline
    raise RuntimeError(
RuntimeError: GATE6_SOURCE_TRAJECTORY_INELIGIBLE: FINAL marker missing for sample_169
